Archive member included because of file (symbol)

/usr/lib/gcc/x86_64-linux-gnu/4.6/../../../../lib/librte_pmd_e1000.a(igb_ethdev.o)
                              main.o (rte_igb_pmd_init)
/usr/lib/gcc/x86_64-linux-gnu/4.6/../../../../lib/librte_pmd_e1000.a(igb_rxtx.o)
                              /usr/lib/gcc/x86_64-linux-gnu/4.6/../../../../lib/librte_pmd_e1000.a(igb_ethdev.o) (eth_igb_recv_pkts)
/usr/lib/gcc/x86_64-linux-gnu/4.6/../../../../lib/librte_pmd_e1000.a(em_ethdev.o)
                              main.o (rte_em_pmd_init)
/usr/lib/gcc/x86_64-linux-gnu/4.6/../../../../lib/librte_pmd_e1000.a(em_rxtx.o)
                              /usr/lib/gcc/x86_64-linux-gnu/4.6/../../../../lib/librte_pmd_e1000.a(em_ethdev.o) (eth_em_recv_pkts)
/usr/lib/gcc/x86_64-linux-gnu/4.6/../../../../lib/librte_pmd_e1000.a(igb_pf.o)
                              /usr/lib/gcc/x86_64-linux-gnu/4.6/../../../../lib/librte_pmd_e1000.a(igb_ethdev.o) (igb_pf_host_init)
/usr/lib/gcc/x86_64-linux-gnu/4.6/../../../../lib/librte_pmd_e1000.a(e1000_82541.o)
                              /usr/lib/gcc/x86_64-linux-gnu/4.6/../../../../lib/librte_pmd_e1000.a(em_ethdev.o) (e1000_init_script_state_82541)
/usr/lib/gcc/x86_64-linux-gnu/4.6/../../../../lib/librte_pmd_e1000.a(e1000_82543.o)
                              /usr/lib/gcc/x86_64-linux-gnu/4.6/../../../../lib/librte_pmd_e1000.a(em_ethdev.o) (e1000_set_tbi_compatibility_82543)
/usr/lib/gcc/x86_64-linux-gnu/4.6/../../../../lib/librte_pmd_e1000.a(e1000_82571.o)
                              /usr/lib/gcc/x86_64-linux-gnu/4.6/../../../../lib/librte_pmd_e1000.a(em_ethdev.o) (e1000_set_laa_state_82571)
/usr/lib/gcc/x86_64-linux-gnu/4.6/../../../../lib/librte_pmd_e1000.a(e1000_82575.o)
                              /usr/lib/gcc/x86_64-linux-gnu/4.6/../../../../lib/librte_pmd_e1000.a(igb_pf.o) (e1000_vmdq_set_anti_spoofing_pf)
/usr/lib/gcc/x86_64-linux-gnu/4.6/../../../../lib/librte_pmd_e1000.a(e1000_i210.o)
                              /usr/lib/gcc/x86_64-linux-gnu/4.6/../../../../lib/librte_pmd_e1000.a(e1000_82575.o) (e1000_acquire_swfw_sync_i210)
/usr/lib/gcc/x86_64-linux-gnu/4.6/../../../../lib/librte_pmd_e1000.a(e1000_api.o)
                              /usr/lib/gcc/x86_64-linux-gnu/4.6/../../../../lib/librte_pmd_e1000.a(igb_ethdev.o) (e1000_set_mac_type)
/usr/lib/gcc/x86_64-linux-gnu/4.6/../../../../lib/librte_pmd_e1000.a(e1000_ich8lan.o)
                              /usr/lib/gcc/x86_64-linux-gnu/4.6/../../../../lib/librte_pmd_e1000.a(e1000_api.o) (e1000_init_function_pointers_ich8lan)
/usr/lib/gcc/x86_64-linux-gnu/4.6/../../../../lib/librte_pmd_e1000.a(e1000_mac.o)
                              /usr/lib/gcc/x86_64-linux-gnu/4.6/../../../../lib/librte_pmd_e1000.a(e1000_i210.o) (e1000_null_ops_generic)
/usr/lib/gcc/x86_64-linux-gnu/4.6/../../../../lib/librte_pmd_e1000.a(e1000_manage.o)
                              /usr/lib/gcc/x86_64-linux-gnu/4.6/../../../../lib/librte_pmd_e1000.a(e1000_mac.o) (e1000_mng_enable_host_if_generic)
/usr/lib/gcc/x86_64-linux-gnu/4.6/../../../../lib/librte_pmd_e1000.a(e1000_mbx.o)
                              /usr/lib/gcc/x86_64-linux-gnu/4.6/../../../../lib/librte_pmd_e1000.a(igb_pf.o) (e1000_read_mbx)
/usr/lib/gcc/x86_64-linux-gnu/4.6/../../../../lib/librte_pmd_e1000.a(e1000_nvm.o)
                              /usr/lib/gcc/x86_64-linux-gnu/4.6/../../../../lib/librte_pmd_e1000.a(e1000_82575.o) (e1000_null_read_nvm)
/usr/lib/gcc/x86_64-linux-gnu/4.6/../../../../lib/librte_pmd_e1000.a(e1000_osdep.o)
                              /usr/lib/gcc/x86_64-linux-gnu/4.6/../../../../lib/librte_pmd_e1000.a(e1000_mac.o) (e1000_write_pci_cfg)
/usr/lib/gcc/x86_64-linux-gnu/4.6/../../../../lib/librte_pmd_e1000.a(e1000_phy.o)
                              /usr/lib/gcc/x86_64-linux-gnu/4.6/../../../../lib/librte_pmd_e1000.a(e1000_api.o) (e1000_init_phy_ops_generic)
/usr/lib/gcc/x86_64-linux-gnu/4.6/../../../../lib/librte_pmd_e1000.a(e1000_vf.o)
                              /usr/lib/gcc/x86_64-linux-gnu/4.6/../../../../lib/librte_pmd_e1000.a(e1000_api.o) (e1000_init_function_pointers_vf)
/usr/lib/gcc/x86_64-linux-gnu/4.6/../../../../lib/librte_pmd_e1000.a(e1000_80003es2lan.o)
                              /usr/lib/gcc/x86_64-linux-gnu/4.6/../../../../lib/librte_pmd_e1000.a(e1000_api.o) (e1000_init_function_pointers_80003es2lan)
/usr/lib/gcc/x86_64-linux-gnu/4.6/../../../../lib/librte_pmd_e1000.a(e1000_82540.o)
                              /usr/lib/gcc/x86_64-linux-gnu/4.6/../../../../lib/librte_pmd_e1000.a(e1000_api.o) (e1000_init_function_pointers_82540)
/usr/lib/gcc/x86_64-linux-gnu/4.6/../../../../lib/librte_pmd_e1000.a(e1000_82542.o)
                              /usr/lib/gcc/x86_64-linux-gnu/4.6/../../../../lib/librte_pmd_e1000.a(e1000_api.o) (e1000_init_function_pointers_82542)
/usr/lib/gcc/x86_64-linux-gnu/4.6/../../../../lib/librte_pmd_ixgbe.a(ixgbe_ethdev.o)
                              main.o (rte_ixgbe_pmd_init)
[...]
Memory Configuration

Name             Origin             Length             Attributes
*default*        0x0000000000000000 0xffffffffffffffff

Linker script and memory map

LOAD /usr/lib/gcc/x86_64-linux-gnu/4.6/../../../x86_64-linux-gnu/crt1.o
LOAD /usr/lib/gcc/x86_64-linux-gnu/4.6/../../../x86_64-linux-gnu/crti.o
LOAD /usr/lib/gcc/x86_64-linux-gnu/4.6/crtbegin.o
LOAD main.o
LOAD common.o
LOAD server.o
LOAD client.o
LOAD /usr/lib/gcc/x86_64-linux-gnu/4.6/../../../../lib/librte_kni.a
LOAD /usr/lib/gcc/x86_64-linux-gnu/4.6/../../../../lib/librte_pmd_e1000.a
LOAD /usr/lib/gcc/x86_64-linux-gnu/4.6/../../../../lib/librte_pmd_ixgbe.a
LOAD /usr/lib/gcc/x86_64-linux-gnu/4.6/../../../../lib/librte_pmd_virtio.a
LOAD /usr/lib/gcc/x86_64-linux-gnu/4.6/../../../../lib/librte_cmdline.a
LOAD /usr/lib/gcc/x86_64-linux-gnu/4.6/../../../../lib/librte_timer.a
LOAD /usr/lib/gcc/x86_64-linux-gnu/4.6/../../../../lib/librte_hash.a
LOAD /usr/lib/gcc/x86_64-linux-gnu/4.6/../../../../lib/librte_lpm.a
LOAD /usr/lib/gcc/x86_64-linux-gnu/4.6/../../../../lib/librte_power.a
LOAD /usr/lib/gcc/x86_64-linux-gnu/4.6/../../../../lib/librte_meter.a
LOAD /usr/lib/gcc/x86_64-linux-gnu/4.6/../../../../lib/librte_sched.a
LOAD /usr/lib/gcc/x86_64-linux-gnu/4.6/../../../x86_64-linux-gnu/libm.so
LOAD /usr/lib/gcc/x86_64-linux-gnu/4.6/../../../x86_64-linux-gnu/librt.so
START GROUP
LOAD /usr/lib/gcc/x86_64-linux-gnu/4.6/../../../../lib/librte_mbuf.a
LOAD /usr/lib/gcc/x86_64-linux-gnu/4.6/../../../../lib/libethdev.a
LOAD /usr/lib/gcc/x86_64-linux-gnu/4.6/../../../../lib/librte_pmd_ring.a
LOAD /usr/lib/gcc/x86_64-linux-gnu/4.6/../../../../lib/librte_malloc.a
LOAD /usr/lib/gcc/x86_64-linux-gnu/4.6/../../../../lib/librte_mempool.a
LOAD /usr/lib/gcc/x86_64-linux-gnu/4.6/../../../../lib/librte_ring.a
LOAD /usr/lib/gcc/x86_64-linux-gnu/4.6/../../../../lib/librte_eal.a
LOAD /usr/lib/gcc/x86_64-linux-gnu/4.6/../../../x86_64-linux-gnu/librt.so
LOAD /usr/lib/gcc/x86_64-linux-gnu/4.6/../../../x86_64-linux-gnu/libm.so
END GROUP
LOAD /usr/lib/gcc/x86_64-linux-gnu/4.6/libgcc.a
LOAD /usr/lib/gcc/x86_64-linux-gnu/4.6/libgcc_s.so
LOAD /usr/lib/gcc/x86_64-linux-gnu/4.6/../../../x86_64-linux-gnu/libpthread.so
START GROUP
LOAD /lib/x86_64-linux-gnu/libpthread.so.0
LOAD /usr/lib/x86_64-linux-gnu/libpthread_nonshared.a
END GROUP
LOAD /usr/lib/gcc/x86_64-linux-gnu/4.6/../../../x86_64-linux-gnu/libc.so
START GROUP
LOAD /lib/x86_64-linux-gnu/libc.so.6
LOAD /usr/lib/x86_64-linux-gnu/libc_nonshared.a
LOAD /lib/x86_64-linux-gnu/ld-linux-x86-64.so.2
END GROUP
LOAD /usr/lib/gcc/x86_64-linux-gnu/4.6/libgcc.a
LOAD /usr/lib/gcc/x86_64-linux-gnu/4.6/libgcc_s.so
LOAD /usr/lib/gcc/x86_64-linux-gnu/4.6/crtend.o
LOAD /usr/lib/gcc/x86_64-linux-gnu/4.6/../../../x86_64-linux-gnu/crtn.o
                0x0000000000400000                PROVIDE (__executable_start, 0x400000)
                0x0000000000400270                . = (0x400000 + SIZEOF_HEADERS)

.interp         0x0000000000400270       0x1c
 *(.interp)
 .interp        0x0000000000400270       0x1c /usr/lib/gcc/x86_64-linux-gnu/4.6/../../../x86_64-linux-gnu/crt1.o

.note.ABI-tag   0x000000000040028c       0x20
 .note.ABI-tag  0x000000000040028c       0x20 /usr/lib/gcc/x86_64-linux-gnu/4.6/../../../x86_64-linux-gnu/crt1.o

.note.gnu.build-id
                0x00000000004002ac       0x24
 *(.note.gnu.build-id)
 .note.gnu.build-id
                0x00000000004002ac       0x24 /usr/lib/gcc/x86_64-linux-gnu/4.6/../../../x86_64-linux-gnu/crt1.o

.hash
 *(.hash)

.gnu.hash       0x00000000004002d0       0x34
 *(.gnu.hash)
 .gnu.hash      0x00000000004002d0       0x34 /usr/lib/gcc/x86_64-linux-gnu/4.6/../../../x86_64-linux-gnu/crt1.o

.dynsym         0x0000000000400308      0x978
 *(.dynsym)
 .dynsym        0x0000000000400308      0x978 /usr/lib/gcc/x86_64-linux-gnu/4.6/../../../x86_64-linux-gnu/crt1.o

.dynstr         0x0000000000400c80      0x432
 *(.dynstr)
 .dynstr        0x0000000000400c80      0x432 /usr/lib/gcc/x86_64-linux-gnu/4.6/../../../x86_64-linux-gnu/crt1.o

.gnu.version    0x00000000004010b2       0xca
 *(.gnu.version)
 .gnu.version   0x00000000004010b2       0xca /usr/lib/gcc/x86_64-linux-gnu/4.6/../../../x86_64-linux-gnu/crt1.o

.gnu.version_d  0x0000000000401180        0x0
 *(.gnu.version_d)
 .gnu.version_d
                0x0000000000000000        0x0 /usr/lib/gcc/x86_64-linux-gnu/4.6/../../../x86_64-linux-gnu/crt1.o

.gnu.version_r  0x0000000000401180       0xe0
 *(.gnu.version_r)
 .gnu.version_r
                0x0000000000401180       0xe0 /usr/lib/gcc/x86_64-linux-gnu/4.6/../../../x86_64-linux-gnu/crt1.o

.rela.dyn       0x0000000000401260       0x78
 *(.rela.init)
 *(.rela.text .rela.text.* .rela.gnu.linkonce.t.*)
 .rela.text     0x0000000000000000        0x0 /usr/lib/gcc/x86_64-linux-gnu/4.6/../../../x86_64-linux-gnu/crt1.o
 .rela.text.startup
                0x0000000000000000        0x0 /usr/lib/gcc/x86_64-linux-gnu/4.6/../../../x86_64-linux-gnu/crt1.o
 .rela.text.unlikely
                0x0000000000000000        0x0 /usr/lib/gcc/x86_64-linux-gnu/4.6/../../../x86_64-linux-gnu/crt1.o
 *(.rela.fini)
 *(.rela.rodata .rela.rodata.* .rela.gnu.linkonce.r.*)
 *(.rela.data .rela.data.* .rela.gnu.linkonce.d.*)
 .rela.data     0x0000000000000000        0x0 /usr/lib/gcc/x86_64-linux-gnu/4.6/../../../x86_64-linux-gnu/crt1.o
 *(.rela.tdata .rela.tdata.* .rela.gnu.linkonce.td.*)
 *(.rela.tbss .rela.tbss.* .rela.gnu.linkonce.tb.*)
 *(.rela.ctors)
 *(.rela.dtors)
 *(.rela.got)
 .rela.got      0x0000000000401260       0x18 /usr/lib/gcc/x86_64-linux-gnu/4.6/../../../x86_64-linux-gnu/crt1.o
 *(.rela.bss .rela.bss.* .rela.gnu.linkonce.b.*)
 .rela.bss      0x0000000000401278       0x60 /usr/lib/gcc/x86_64-linux-gnu/4.6/../../../x86_64-linux-gnu/crt1.o
 *(.rela.ldata .rela.ldata.* .rela.gnu.linkonce.l.*)
 *(.rela.lbss .rela.lbss.* .rela.gnu.linkonce.lb.*)
 *(.rela.lrodata .rela.lrodata.* .rela.gnu.linkonce.lr.*)
 *(.rela.ifunc)

.rela.plt       0x00000000004012d8      0x8d0
 *(.rela.plt)
 .rela.plt      0x00000000004012d8      0x8d0 /usr/lib/gcc/x86_64-linux-gnu/4.6/../../../x86_64-linux-gnu/crt1.o
                0x0000000000401ba8                PROVIDE (__rela_iplt_start, .)
 *(.rela.iplt)
 .rela.iplt     0x0000000000000000        0x0 /usr/lib/gcc/x86_64-linux-gnu/4.6/../../../x86_64-linux-gnu/crt1.o
                0x0000000000401ba8                PROVIDE (__rela_iplt_end, .)

.init           0x0000000000401ba8       0x18
 *(.init)
 .init          0x0000000000401ba8        0x9 /usr/lib/gcc/x86_64-linux-gnu/4.6/../../../x86_64-linux-gnu/crti.o
                0x0000000000401ba8                _init
 .init          0x0000000000401bb1        0x5 /usr/lib/gcc/x86_64-linux-gnu/4.6/crtbegin.o
 .init          0x0000000000401bb6        0x5 /usr/lib/gcc/x86_64-linux-gnu/4.6/crtend.o
 .init          0x0000000000401bbb        0x5 /usr/lib/gcc/x86_64-linux-gnu/4.6/../../../x86_64-linux-gnu/crtn.o

.plt            0x0000000000401bc0      0x5f0
 *(.plt)
 .plt           0x0000000000401bc0      0x5f0 /usr/lib/gcc/x86_64-linux-gnu/4.6/../../../x86_64-linux-gnu/crt1.o
                0x0000000000401bd0                getenv@@GLIBC_2.2.5
                0x0000000000401be0                __snprintf_chk@@GLIBC_2.3.4
                0x0000000000401bf0                free@@GLIBC_2.2.5
                0x0000000000401c00                putchar@@GLIBC_2.2.5
                0x0000000000401c10                pthread_create@@GLIBC_2.2.5
                0x0000000000401c20                __vfprintf_chk@@GLIBC_2.3.4
                0x0000000000401c30                abort@@GLIBC_2.2.5
                0x0000000000401c40                __errno_location@@GLIBC_2.2.5
                0x0000000000401c50                strncpy@@GLIBC_2.2.5
                0x0000000000401c60                strncmp@@GLIBC_2.2.5
                0x0000000000401c70                fopencookie@@GLIBC_2.2.5
                0x0000000000401c80                __read_chk@@GLIBC_2.4
                0x0000000000401c90                unlinkat@@GLIBC_2.4
                0x0000000000401ca0                puts@@GLIBC_2.2.5
                0x0000000000401cb0                backtrace_symbols@@GLIBC_2.2.5
                0x0000000000401cc0                __xpg_strerror_r@@GLIBC_2.3.4
                0x0000000000401cd0                fcntl@@GLIBC_2.2.5
                0x0000000000401ce0                write@@GLIBC_2.2.5
                0x0000000000401cf0                fclose@@GLIBC_2.2.5
                0x0000000000401d00                opendir@@GLIBC_2.2.5
                0x0000000000401d10                backtrace@@GLIBC_2.2.5
                0x0000000000401d20                openat@@GLIBC_2.4
                0x0000000000401d30                __stack_chk_fail@@GLIBC_2.4
                0x0000000000401d40                getuid@@GLIBC_2.2.5
                0x0000000000401d50                mmap@@GLIBC_2.2.5
                0x0000000000401d60                getopt_long@@GLIBC_2.2.5
                0x0000000000401d70                system@@GLIBC_2.2.5
                0x0000000000401d80                pthread_setaffinity_np@@GLIBC_2.3.4
                0x0000000000401d90                strchr@@GLIBC_2.2.5
                0x0000000000401da0                nanosleep@@GLIBC_2.2.5
                0x0000000000401db0                ftruncate@@GLIBC_2.2.5
                0x0000000000401dc0                lseek@@GLIBC_2.2.5
                0x0000000000401dd0                gettimeofday@@GLIBC_2.2.5
                0x0000000000401de0                __assert_fail@@GLIBC_2.2.5
                0x0000000000401df0                iopl@@GLIBC_2.2.5
                0x0000000000401e00                fnmatch@@GLIBC_2.2.5
                0x0000000000401e10                memset@@GLIBC_2.2.5
                0x0000000000401e20                index@@GLIBC_2.2.5
                0x0000000000401e30                strnlen@@GLIBC_2.2.5
                0x0000000000401e40                close@@GLIBC_2.2.5
                0x0000000000401e50                pipe@@GLIBC_2.2.5
                0x0000000000401e60                closedir@@GLIBC_2.2.5
                0x0000000000401e70                epoll_ctl@@GLIBC_2.3.2
                0x0000000000401e80                __strdup@@GLIBC_2.2.5
                0x0000000000401e90                read@@GLIBC_2.2.5
                0x0000000000401ea0                strndup@@GLIBC_2.2.5
                0x0000000000401eb0                __libc_start_main@@GLIBC_2.2.5
                0x0000000000401ec0                memcmp@@GLIBC_2.2.5
                0x0000000000401ed0                fgets@@GLIBC_2.2.5
                0x0000000000401ee0                strtoull@@GLIBC_2.2.5
                0x0000000000401ef0                strcmp@@GLIBC_2.2.5
                0x0000000000401f00                dirfd@@GLIBC_2.2.5
                0x0000000000401f10                __memcpy_chk@@GLIBC_2.3.4
                0x0000000000401f20                timerfd_create@@GLIBC_2.8
                0x0000000000401f30                strtol@@GLIBC_2.2.5
                0x0000000000401f40                memcpy@@GLIBC_2.14
                0x0000000000401f50                readdir@@GLIBC_2.2.5
                0x0000000000401f60                malloc@@GLIBC_2.2.5
                0x0000000000401f70                strncasecmp@@GLIBC_2.2.5
                0x0000000000401f80                fflush@@GLIBC_2.2.5
                0x0000000000401f90                __sched_cpufree@@GLIBC_2.7
                0x0000000000401fa0                __fxstat@@GLIBC_2.2.5
                0x0000000000401fb0                clock_gettime@@GLIBC_2.2.5
                0x0000000000401fc0                lrand48@@GLIBC_2.2.5
                0x0000000000401fd0                __sched_cpualloc@@GLIBC_2.7
                0x0000000000401fe0                __vsnprintf_chk@@GLIBC_2.3.4
                0x0000000000401ff0                srand48@@GLIBC_2.2.5
                0x0000000000402000                munmap@@GLIBC_2.2.5
                0x0000000000402010                __printf_chk@@GLIBC_2.3.4
                0x0000000000402020                epoll_wait@@GLIBC_2.3.2
                0x0000000000402030                __syslog_chk@@GLIBC_2.4
                0x0000000000402040                pthread_self@@GLIBC_2.2.5
                0x0000000000402050                open@@GLIBC_2.2.5
                0x0000000000402060                access@@GLIBC_2.2.5
                0x0000000000402070                fopen@@GLIBC_2.2.5
                0x0000000000402080                sysconf@@GLIBC_2.2.5
                0x0000000000402090                strtoul@@GLIBC_2.2.5
                0x00000000004020a0                shmat@@GLIBC_2.2.5
                0x00000000004020b0                timerfd_settime@@GLIBC_2.8
                0x00000000004020c0                shmget@@GLIBC_2.2.5
                0x00000000004020d0                flock@@GLIBC_2.2.5
                0x00000000004020e0                openlog@@GLIBC_2.2.5
                0x00000000004020f0                getpagesize@@GLIBC_2.2.5
                0x0000000000402100                epoll_create@@GLIBC_2.3.2
                0x0000000000402110                exit@@GLIBC_2.2.5
                0x0000000000402120                fwrite@@GLIBC_2.2.5
                0x0000000000402130                __fprintf_chk@@GLIBC_2.3.4
                0x0000000000402140                strerror@@GLIBC_2.2.5
                0x0000000000402150                sleep@@GLIBC_2.2.5
                0x0000000000402160                strstr@@GLIBC_2.2.5
                0x0000000000402170                rand@@GLIBC_2.2.5
                0x0000000000402180                __ctype_tolower_loc@@GLIBC_2.3
                0x0000000000402190                __ctype_b_loc@@GLIBC_2.3
                0x00000000004021a0                __sprintf_chk@@GLIBC_2.3.4
 *(.iplt)
 .iplt          0x0000000000000000        0x0 /usr/lib/gcc/x86_64-linux-gnu/4.6/../../../x86_64-linux-gnu/crt1.o

.text           0x00000000004021b0    0x69388
 *(.text.unlikely .text.*_unlikely)
 .text.unlikely
                0x00000000004021b0       0xc6 /usr/lib/gcc/x86_64-linux-gnu/4.6/../../../../lib/librte_eal.a(eal_debug.o)
                0x00000000004021b0                __rte_panic
 .text.unlikely
                0x0000000000402276       0x8a /usr/lib/gcc/x86_64-linux-gnu/4.6/../../../../lib/librte_eal.a(eal_common_log.o)
                0x0000000000402276                rte_log
 *(.text.exit .text.exit.*)
 *(.text.startup .text.startup.*)
 .text.startup  0x0000000000402300      0x6db main.o
                0x0000000000402300                main
 *(.text.hot .text.hot.*)
 *(.text .stub .text.* .gnu.linkonce.t.*)
 *fill*         0x00000000004029db        0x1 90909090
 .text          0x00000000004029dc       0x2c /usr/lib/gcc/x86_64-linux-gnu/4.6/../../../x86_64-linux-gnu/crt1.o
                0x00000000004029dc                _start
 .text          0x0000000000402a08       0x17 /usr/lib/gcc/x86_64-linux-gnu/4.6/../../../x86_64-linux-gnu/crti.o
 *fill*         0x0000000000402a1f        0x1 90909090
 .text          0x0000000000402a20       0x92 /usr/lib/gcc/x86_64-linux-gnu/4.6/crtbegin.o
 *fill*         0x0000000000402ab2        0xe 90909090
 .text          0x0000000000402ac0       0x51 main.o
 *fill*         0x0000000000402b11        0xf 90909090
 .text          0x0000000000402b20      0xa06 common.o
                0x0000000000402b20                red_printf
                0x0000000000402ce0                print_mac
                0x0000000000402d40                check_all_ports_link_status
                0x0000000000402dd0                print_buf
                0x0000000000402e40                mempool_init
                0x0000000000402ec0                shm_alloc
                0x0000000000402f40                fastrand
                0x0000000000402f60                micro_sleep
                0x0000000000402fe0                count_active_lcores
                0x0000000000403020                get_lcore_rank
                0x0000000000403090                get_lcore_ranked_n
                0x0000000000403120                bitcount
                0x0000000000403140                get_active_ports
                0x00000000004031b0                count_active_lcores_on_socket
                0x0000000000403200                get_socket_id_from_macaddr
                0x0000000000403290                client_port_queue_to_lcore
                0x0000000000403350                set_mac
                0x0000000000403390                swap_mac
                0x00000000004033f0                print_ether_hdr
 *fill*         0x0000000000403526        0xa 90909090
 .text          0x0000000000403530      0xcb2 server.o
                0x0000000000403530                run_server
 *fill*         0x00000000004041e2        0xe 90909090
 .text          0x00000000004041f0     0x1056 client.o
                0x0000000000404880                run_client
 *fill*         0x0000000000405246        0xa 90909090
 .text          0x0000000000405250     0x2195 /usr/lib/gcc/x86_64-linux-gnu/4.6/../../../../lib/librte_pmd_e1000.a(igb_ethdev.o)
                0x00000000004073b0                rte_igb_pmd_init
                0x00000000004073d0                rte_igbvf_pmd_init
 *fill*         0x00000000004073e5        0xb 90909090
 .text          0x00000000004073f0     0x5431 /usr/lib/gcc/x86_64-linux-gnu/4.6/../../../../lib/librte_pmd_e1000.a(igb_rxtx.o)
                0x00000000004073f0                eth_igb_recv_pkts
                0x0000000000408260                eth_igb_xmit_pkts
                0x0000000000409cc0                eth_igb_recv_scattered_pkts
                0x000000000040a930                eth_igb_tx_queue_release
                0x000000000040a970                eth_igb_tx_queue_setup
                0x000000000040acb0                eth_igb_rx_queue_release
                0x000000000040acf0                eth_igb_rx_queue_setup
                0x000000000040aff0                eth_igb_rx_queue_count
                0x000000000040b060                eth_igb_rx_descriptor_done
                0x000000000040b0a0                igb_dev_clear_queues
                0x000000000040b190                eth_igb_rx_init
                0x000000000040beb0                eth_igb_tx_init
                0x000000000040c090                eth_igbvf_rx_init
                0x000000000040c6e0                eth_igbvf_tx_init
 *fill*         0x000000000040c821        0xf 90909090
 .text          0x000000000040c830     0x13c5 /usr/lib/gcc/x86_64-linux-gnu/4.6/../../../../lib/librte_pmd_e1000.a(em_ethdev.o)
                0x000000000040dbe0                rte_em_pmd_init
 *fill*         0x000000000040dbf5        0xb 90909090
 .text          0x000000000040dc00     0x487d /usr/lib/gcc/x86_64-linux-gnu/4.6/../../../../lib/librte_pmd_e1000.a(em_rxtx.o)
                0x000000000040dc00                eth_em_recv_pkts
                0x000000000040f140                eth_em_recv_scattered_pkts
                0x000000000040fd80                eth_em_xmit_pkts
                0x0000000000411110                eth_em_tx_queue_release
                0x0000000000411150                eth_em_tx_queue_setup
                0x00000000004115d0                eth_em_rx_queue_release
                0x0000000000411610                eth_em_rx_queue_setup
                0x0000000000411990                eth_em_rx_queue_count
                0x0000000000411a00                eth_em_rx_descriptor_done
                0x0000000000411a40                em_dev_clear_queues
                0x0000000000411b10                eth_em_rx_init
                0x0000000000412340                eth_em_tx_init
 *fill*         0x000000000041247d        0x3 90909090
 .text          0x0000000000412480      0x8fc /usr/lib/gcc/x86_64-linux-gnu/4.6/../../../../lib/librte_pmd_e1000.a(igb_pf.o)
                0x0000000000412520                igb_pf_host_init
                0x0000000000412690                igb_pf_host_configure
                0x00000000004127c0                igb_pf_mbx_process
 *fill*         0x0000000000412d7c        0x4 90909090
 .text          0x0000000000412d80     0x1457 /usr/lib/gcc/x86_64-linux-gnu/4.6/../../../../lib/librte_pmd_e1000.a(e1000_82541.o)
                0x00000000004141a0                e1000_init_function_pointers_82541
                0x00000000004141c0                e1000_init_script_state_82541
 *fill*         0x00000000004141d7        0x9 90909090
 .text          0x00000000004141e0     0x1bf1 /usr/lib/gcc/x86_64-linux-gnu/4.6/../../../../lib/librte_pmd_e1000.a(e1000_82543.o)
                0x0000000000415c30                e1000_init_function_pointers_82543
                0x0000000000415c50                e1000_set_tbi_compatibility_82543
                0x0000000000415c80                e1000_tbi_sbp_enabled_82543
                0x0000000000415ca0                e1000_tbi_adjust_stats_82543
 *fill*         0x0000000000415dd1        0xf 90909090
 .text          0x0000000000415de0     0x1dd4 /usr/lib/gcc/x86_64-linux-gnu/4.6/../../../../lib/librte_pmd_e1000.a(e1000_82571.o)
                0x0000000000417ac0                e1000_init_function_pointers_82571
                0x0000000000417ae0                e1000_check_phy_82574
                0x0000000000417b60                e1000_get_laa_state_82571
                0x0000000000417b80                e1000_set_laa_state_82571
 *fill*         0x0000000000417bb4        0xc 90909090
 .text          0x0000000000417bc0     0x3b76 /usr/lib/gcc/x86_64-linux-gnu/4.6/../../../../lib/librte_pmd_e1000.a(e1000_82575.o)
                0x0000000000417bc0                e1000_init_nvm_params_82575
                0x000000000041a7e0                e1000_init_function_pointers_82575
                0x000000000041a810                e1000_rx_fifo_flush_82575
                0x000000000041ab90                e1000_vmdq_set_anti_spoofing_pf
                0x000000000041ac20                e1000_vmdq_set_loopback_pf
                0x000000000041ac90                e1000_vmdq_set_replication_pf
                0x000000000041acc0                e1000_rxpbs_adjust_82580
                0x000000000041ace0                e1000_set_eee_i350
                0x000000000041ad60                e1000_set_i2c_bb
                0x000000000041ad90                e1000_i2c_bus_clear
                0x000000000041b0e0                e1000_write_i2c_byte_generic
                0x000000000041b1e0                e1000_read_i2c_byte_generic
 *fill*         0x000000000041b736        0xa 90909090
 .text          0x000000000041b740      0xefd /usr/lib/gcc/x86_64-linux-gnu/4.6/../../../../lib/librte_pmd_e1000.a(e1000_i210.o)
                0x000000000041b7f0                e1000_read_nvm_srrd_i210
                0x000000000041b910                e1000_validate_nvm_checksum_i210
                0x000000000041baf0                e1000_write_nvm_srwr_i210
                0x000000000041c0a0                e1000_update_nvm_checksum_i210
                0x000000000041c200                e1000_acquire_swfw_sync_i210
                0x000000000041c300                e1000_release_swfw_sync_i210
                0x000000000041c3a0                e1000_read_invm_i211
                0x000000000041c420                e1000_read_invm_version
                0x000000000041c580                e1000_update_flash_i210
                0x000000000041c600                e1000_init_function_pointers_i210
 *fill*         0x000000000041c63d        0x3 90909090
 .text          0x000000000041c640      0xe62 /usr/lib/gcc/x86_64-linux-gnu/4.6/../../../../lib/librte_pmd_e1000.a(e1000_api.o)
                0x000000000041c640                e1000_init_mac_params
                0x000000000041c660                e1000_init_nvm_params
                0x000000000041c680                e1000_init_phy_params
                0x000000000041c6a0                e1000_init_mbx_params
                0x000000000041c6c0                e1000_set_mac_type
                0x000000000041ccb0                e1000_setup_init_funcs
                0x000000000041ce40                e1000_get_bus_info
                0x000000000041ce60                e1000_clear_vfta
                0x000000000041ce80                e1000_write_vfta
                0x000000000041cea0                e1000_update_mc_addr_list
                0x000000000041cec0                e1000_force_mac_fc
                0x000000000041ced0                e1000_check_for_link
                0x000000000041cef0                e1000_check_mng_mode
                0x000000000041cf10                e1000_mng_write_dhcp_info
                0x000000000041cf20                e1000_reset_hw
                0x000000000041cf40                e1000_init_hw
                0x000000000041cf60                e1000_setup_link
                0x000000000041cf80                e1000_get_speed_and_duplex
                0x000000000041cfa0                e1000_setup_led
                0x000000000041cfc0                e1000_cleanup_led
                0x000000000041cfe0                e1000_blink_led
                0x000000000041d000                e1000_id_led_init
                0x000000000041d020                e1000_led_on
                0x000000000041d040                e1000_led_off
                0x000000000041d060                e1000_reset_adaptive
                0x000000000041d070                e1000_update_adaptive
                0x000000000041d080                e1000_disable_pcie_master
                0x000000000041d090                e1000_config_collision_dist
                0x000000000041d0b0                e1000_rar_set
                0x000000000041d0d0                e1000_validate_mdi_setting
                0x000000000041d0f0                e1000_hash_mc_addr
                0x000000000041d100                e1000_enable_tx_pkt_filtering
                0x000000000041d110                e1000_mng_host_if_write
                0x000000000041d130                e1000_mng_write_cmd_header
                0x000000000041d150                e1000_mng_enable_host_if
                0x000000000041d170                e1000_wait_autoneg
                0x000000000041d190                e1000_check_reset_block
                0x000000000041d1b0                e1000_read_phy_reg
                0x000000000041d1d0                e1000_write_phy_reg
                0x000000000041d1f0                e1000_release_phy
                0x000000000041d210                e1000_acquire_phy
                0x000000000041d230                e1000_cfg_on_link_up
                0x000000000041d250                e1000_read_kmrn_reg
                0x000000000041d260                e1000_write_kmrn_reg
                0x000000000041d270                e1000_get_cable_length
                0x000000000041d290                e1000_get_phy_info
                0x000000000041d2b0                e1000_phy_hw_reset
                0x000000000041d2d0                e1000_phy_commit
                0x000000000041d2f0                e1000_set_d0_lplu_state
                0x000000000041d310                e1000_set_d3_lplu_state
                0x000000000041d330                e1000_read_mac_addr
                0x000000000041d350                e1000_read_pba_string
                0x000000000041d360                e1000_read_pba_length
                0x000000000041d370                e1000_validate_nvm_checksum
                0x000000000041d390                e1000_update_nvm_checksum
                0x000000000041d3b0                e1000_reload_nvm
                0x000000000041d3d0                e1000_read_nvm
                0x000000000041d3f0                e1000_write_nvm
                0x000000000041d410                e1000_write_8bit_ctrl_reg
                0x000000000041d420                e1000_power_up_phy
                0x000000000041d450                e1000_power_down_phy
                0x000000000041d470                e1000_power_up_fiber_serdes_link
                0x000000000041d490                e1000_shutdown_fiber_serdes_link
 *fill*         0x000000000041d4a2        0xe 90909090
 .text          0x000000000041d4b0     0x42a7 /usr/lib/gcc/x86_64-linux-gnu/4.6/../../../../lib/librte_pmd_e1000.a(e1000_ich8lan.o)
                0x000000000041f5f0                e1000_read_emi_reg_locked
                0x000000000041f650                e1000_init_function_pointers_ich8lan
                0x000000000041f6a0                e1000_configure_k1_ich8lan
                0x0000000000420850                e1000_copy_rx_addrs_to_phy_ich8lan
                0x00000000004209d0                e1000_lv_jumbo_workaround_ich8lan
                0x0000000000421230                e1000_set_kmrn_lock_loss_workaround_ich8lan
                0x0000000000421250                e1000_igp3_phy_powerdown_workaround_ich8lan
                0x0000000000421380                e1000_gig_downshift_workaround_ich8lan
                0x0000000000421400                e1000_suspend_workarounds_ich8lan
                0x0000000000421680                e1000_resume_workarounds_pchlan
 *fill*         0x0000000000421757        0x9 90909090
 .text          0x0000000000421760     0x1dba /usr/lib/gcc/x86_64-linux-gnu/4.6/../../../../lib/librte_pmd_e1000.a(e1000_mac.o)
                0x0000000000421760                e1000_null_ops_generic
                0x0000000000421770                e1000_null_mac_generic
                0x0000000000421780                e1000_null_link_info
                0x0000000000421790                e1000_null_mng_mode
                0x00000000004217a0                e1000_null_update_mc
                0x00000000004217b0                e1000_null_write_vfta
                0x0000000000421890                e1000_setup_led_generic
                0x0000000000421930                e1000_init_mac_ops_generic
                0x0000000000421a40                e1000_null_rar_set
                0x0000000000421a50                e1000_get_bus_info_pci_generic
                0x0000000000421b10                e1000_get_bus_info_pcie_generic
                0x0000000000421bb0                e1000_set_lan_id_multi_port_pci
                0x0000000000421bf0                e1000_set_lan_id_single_port
                0x0000000000421c00                e1000_clear_vfta_generic
                0x0000000000421c30                e1000_write_vfta_generic
                0x0000000000421c50                e1000_init_rx_addrs_generic
                0x0000000000421ce0                e1000_check_alt_mac_addr_generic
                0x0000000000421e90                e1000_hash_mc_addr_generic
                0x0000000000421f20                e1000_update_mc_addr_list_generic
                0x00000000004220f0                e1000_pcix_mmrbc_workaround_generic
                0x0000000000422180                e1000_clear_hw_cntrs_base_generic
                0x0000000000422270                e1000_set_default_fc_generic
                0x00000000004222d0                e1000_setup_link_generic
                0x00000000004223f0                e1000_commit_fc_settings_generic
                0x0000000000422440                e1000_poll_fiber_serdes_link_generic
                0x00000000004224a0                e1000_setup_fiber_serdes_link_generic
                0x00000000004225a0                e1000_set_fc_watermarks_generic
                0x00000000004225f0                e1000_force_mac_fc_generic
                0x0000000000422660                e1000_config_fc_after_link_up_generic
                0x0000000000422a50                e1000_check_for_serdes_link_generic
                0x0000000000422bb0                e1000_check_for_fiber_link_generic
                0x0000000000422c40                e1000_check_for_copper_link_generic
                0x0000000000422cc0                e1000_get_speed_and_duplex_copper_generic
                0x0000000000422d00                e1000_get_speed_and_duplex_fiber_serdes_generic
                0x0000000000422d10                e1000_get_hw_semaphore_generic
                0x0000000000422db0                e1000_put_hw_semaphore_generic
                0x0000000000422dd0                e1000_get_auto_rd_done_generic
                0x0000000000422ee0                e1000_valid_led_default_generic
                0x0000000000422f20                e1000_id_led_init_generic
                0x00000000004231f0                e1000_cleanup_led_generic
                0x0000000000423210                e1000_blink_led_generic
                0x0000000000423270                e1000_led_on_generic
                0x00000000004232b0                e1000_led_off_generic
                0x00000000004232f0                e1000_set_pcie_no_snoop_generic
                0x0000000000423320                e1000_disable_pcie_master_generic
                0x0000000000423390                e1000_reset_adaptive_generic
                0x00000000004233f0                e1000_update_adaptive_generic
                0x00000000004234b0                e1000_validate_mdi_setting_crossover_generic
                0x00000000004234c0                e1000_write_8bit_ctrl_reg_generic
 *fill*         0x000000000042351a        0x6 90909090
 .text          0x0000000000423520      0xa07 /usr/lib/gcc/x86_64-linux-gnu/4.6/../../../../lib/librte_pmd_e1000.a(e1000_manage.o)
                0x0000000000423520                e1000_calculate_checksum
                0x0000000000423610                e1000_mng_enable_host_if_generic
                0x0000000000423750                e1000_check_mng_mode_generic
                0x0000000000423770                e1000_enable_tx_pkt_filtering_generic
                0x00000000004238c0                e1000_mng_write_cmd_header_generic
                0x0000000000423910                e1000_mng_host_if_write_generic
                0x0000000000423ae0                e1000_mng_write_dhcp_info_generic
                0x0000000000423b90                e1000_enable_mng_pass_thru
                0x0000000000423c60                e1000_host_interface_command
                0x0000000000423d80                e1000_load_firmware
 *fill*         0x0000000000423f27        0x9 90909090
 .text          0x0000000000423f30      0x8c7 /usr/lib/gcc/x86_64-linux-gnu/4.6/../../../../lib/librte_pmd_e1000.a(e1000_mbx.o)
                0x00000000004242c0                e1000_write_posted_mbx
                0x00000000004243a0                e1000_read_posted_mbx
                0x0000000000424580                e1000_read_mbx
                0x00000000004245b0                e1000_write_mbx
                0x00000000004245e0                e1000_check_for_msg
                0x0000000000424600                e1000_check_for_ack
                0x0000000000424620                e1000_check_for_rst
                0x0000000000424640                e1000_init_mbx_ops_generic
                0x00000000004246a0                e1000_init_mbx_params_vf
                0x0000000000424740                e1000_init_mbx_params_pf
 *fill*         0x00000000004247f7        0x9 90909090
 .text          0x0000000000424800     0x2201 /usr/lib/gcc/x86_64-linux-gnu/4.6/../../../../lib/librte_pmd_e1000.a(e1000_nvm.o)
                0x0000000000424800                e1000_null_read_nvm
                0x0000000000424810                e1000_null_nvm_generic
                0x0000000000424820                e1000_null_led_default
                0x0000000000424830                e1000_null_write_nvm
                0x0000000000424d40                e1000_init_nvm_ops_generic
                0x0000000000424db0                e1000_poll_eerd_eewr_done
                0x0000000000424e20                e1000_acquire_nvm_generic
                0x0000000000424e80                e1000_stop_nvm
                0x0000000000424f30                e1000_release_nvm_generic
                0x0000000000424fc0                e1000_read_nvm_spi
                0x0000000000425570                e1000_read_nvm_microwire
                0x0000000000425bb0                e1000_read_nvm_eerd
                0x0000000000425c50                e1000_write_nvm_spi
                0x0000000000425de0                e1000_write_nvm_microwire
                0x0000000000425f80                e1000_read_pba_string_generic
                0x00000000004262f0                e1000_read_pba_length_generic
                0x00000000004263d0                e1000_write_pba_raw
                0x00000000004264e0                e1000_get_pba_block_size
                0x00000000004265d0                e1000_read_pba_raw
                0x0000000000426720                e1000_read_mac_addr_generic
                0x00000000004267a0                e1000_validate_nvm_checksum_generic
                0x0000000000426800                e1000_update_nvm_checksum_generic
                0x0000000000426880                e1000_get_fw_version
 *fill*         0x0000000000426a01        0xf 90909090
 .text          0x0000000000426a10       0x56 /usr/lib/gcc/x86_64-linux-gnu/4.6/../../../../lib/librte_pmd_e1000.a(e1000_osdep.o)
                0x0000000000426a10                e1000_write_pci_cfg
                0x0000000000426a20                e1000_read_pci_cfg
                0x0000000000426a30                e1000_pci_set_mwi
                0x0000000000426a40                e1000_pci_clear_mwi
                0x0000000000426a50                e1000_read_pcie_cap_reg
                0x0000000000426a60                e1000_write_pcie_cap_reg
 *fill*         0x0000000000426a66        0xa 90909090
 .text          0x0000000000426a70     0x4e03 /usr/lib/gcc/x86_64-linux-gnu/4.6/../../../../lib/librte_pmd_e1000.a(e1000_phy.o)
                0x0000000000426a70                e1000_null_set_page
                0x0000000000426a80                e1000_null_read_reg
                0x0000000000426a90                e1000_null_phy_generic
                0x0000000000426aa0                e1000_null_lplu_state
                0x0000000000426ab0                e1000_null_write_reg
                0x0000000000426ac0                e1000_read_i2c_byte_null
                0x0000000000426ad0                e1000_write_i2c_byte_null
                0x0000000000426b90                e1000_init_phy_ops_generic
                0x0000000000426cb0                e1000_check_reset_block_generic
                0x0000000000426cd0                e1000_get_phy_id
                0x0000000000426dc0                e1000_phy_reset_dsp_generic
                0x0000000000426e10                e1000_read_phy_reg_mdic
                0x0000000000426ed0                e1000_write_phy_reg_mdic
                0x0000000000427b60                e1000_read_phy_reg_i2c
                0x0000000000427be0                e1000_write_phy_reg_i2c
                0x0000000000427c60                e1000_read_sfp_data_byte
                0x0000000000427cd0                e1000_write_sfp_data_byte
                0x0000000000427d70                e1000_read_phy_reg_m88
                0x0000000000427e50                e1000_write_phy_reg_m88
                0x0000000000427f20                e1000_set_page_igp
                0x0000000000427fc0                e1000_read_phy_reg_igp
                0x0000000000428130                e1000_read_phy_reg_igp_locked
                0x0000000000428260                e1000_write_phy_reg_igp
                0x00000000004283e0                e1000_write_phy_reg_igp_locked
                0x0000000000428520                e1000_read_kmrn_reg_generic
                0x00000000004285b0                e1000_read_kmrn_reg_locked
                0x0000000000428610                e1000_write_kmrn_reg_generic
                0x0000000000428690                e1000_write_kmrn_reg_locked
                0x00000000004286c0                e1000_copper_link_setup_82577
                0x00000000004287a0                e1000_copper_link_setup_m88
                0x0000000000428a30                e1000_copper_link_setup_m88_gen2
                0x0000000000428ad0                e1000_copper_link_setup_igp
                0x0000000000428c50                e1000_phy_setup_autoneg
                0x0000000000428da0                e1000_copper_link_autoneg
                0x0000000000428e60                e1000_phy_force_speed_duplex_setup
                0x0000000000428f00                e1000_set_d3_lplu_state_generic
                0x0000000000429070                e1000_check_downshift_generic
                0x0000000000429130                e1000_check_polarity_m88
                0x0000000000429160                e1000_check_polarity_igp
                0x00000000004291d0                e1000_check_polarity_ife
                0x0000000000429220                e1000_wait_autoneg_generic
                0x00000000004292a0                e1000_phy_has_link_generic
                0x00000000004293e0                e1000_phy_force_speed_duplex_ife
                0x00000000004294c0                e1000_phy_force_speed_duplex_m88
                0x00000000004296f0                e1000_phy_force_speed_duplex_igp
                0x00000000004297d0                e1000_setup_copper_link_generic
                0x0000000000429840                e1000_get_cable_length_m88
                0x00000000004298c0                e1000_get_cable_length_m88_gen2
                0x0000000000429af0                e1000_get_cable_length_igp_2
                0x0000000000429d00                e1000_get_phy_info_m88
                0x0000000000429e40                e1000_get_phy_info_igp
                0x0000000000429f90                e1000_get_phy_info_ife
                0x000000000042a080                e1000_phy_sw_reset_generic
                0x000000000042a0f0                e1000_phy_hw_reset_generic
                0x000000000042a1a0                e1000_get_cfg_done_generic
                0x000000000042a1c0                e1000_phy_init_script_igp3
                0x000000000042a420                e1000_get_phy_type_from_id
                0x000000000042a580                e1000_determine_phy_address
                0x000000000042a730                e1000_write_phy_reg_bm
                0x000000000042a940                e1000_read_phy_reg_bm
                0x000000000042ab40                e1000_read_phy_reg_bm2
                0x000000000042acb0                e1000_write_phy_reg_bm2
                0x000000000042ae20                e1000_enable_phy_wakeup_reg_access_bm
                0x000000000042b030                e1000_disable_phy_wakeup_reg_access_bm
                0x000000000042b160                e1000_power_up_phy_copper
                0x000000000042b1f0                e1000_power_down_phy_copper
                0x000000000042b290                e1000_read_phy_reg_hv
                0x000000000042b2a0                e1000_read_phy_reg_hv_locked
                0x000000000042b2b0                e1000_read_phy_reg_page_hv
                0x000000000042b2c0                e1000_write_phy_reg_hv
                0x000000000042b2d0                e1000_write_phy_reg_hv_locked
                0x000000000042b2e0                e1000_write_phy_reg_page_hv
                0x000000000042b300                e1000_link_stall_workaround_hv
                0x000000000042b3b0                e1000_check_polarity_82577
                0x000000000042b3e0                e1000_phy_force_speed_duplex_82577
                0x000000000042b480                e1000_get_phy_info_82577
                0x000000000042b5a0                e1000_get_cable_length_82577
                0x000000000042b5e0                e1000_write_phy_reg_gs40g
                0x000000000042b730                e1000_read_phy_reg_gs40g
 *fill*         0x000000000042b873        0xd 90909090
 .text          0x000000000042b880      0x6e7 /usr/lib/gcc/x86_64-linux-gnu/4.6/../../../../lib/librte_pmd_e1000.a(e1000_vf.o)
                0x000000000042bde0                e1000_init_function_pointers_vf
                0x000000000042be10                e1000_vfta_set_vf
                0x000000000042be70                e1000_rlpml_set_vf
                0x000000000042bec0                e1000_promisc_set_vf
 *fill*         0x000000000042bf67        0x9 90909090
 .text          0x000000000042bf70     0x1dbf /usr/lib/gcc/x86_64-linux-gnu/4.6/../../../../lib/librte_pmd_e1000.a(e1000_80003es2lan.o)
                0x000000000042dd10                e1000_init_function_pointers_80003es2lan
 *fill*         0x000000000042dd2f        0x1 90909090
 .text          0x000000000042dd30      0x9af /usr/lib/gcc/x86_64-linux-gnu/4.6/../../../../lib/librte_pmd_e1000.a(e1000_82540.o)
                0x000000000042e6c0                e1000_init_function_pointers_82540
 *fill*         0x000000000042e6df        0x1 90909090
 .text          0x000000000042e6e0      0x8d6 /usr/lib/gcc/x86_64-linux-gnu/4.6/../../../../lib/librte_pmd_e1000.a(e1000_82542.o)
                0x000000000042ed30                e1000_init_function_pointers_82542
                0x000000000042ed50                e1000_translate_register_82542
 *fill*         0x000000000042efb6        0xa 90909090
 .text          0x000000000042efc0     0x4436 /usr/lib/gcc/x86_64-linux-gnu/4.6/../../../../lib/librte_pmd_ixgbe.a(ixgbe_ethdev.o)
                0x0000000000432de0                rte_ixgbe_pmd_init
                0x0000000000432e00                rte_ixgbevf_pmd_init
                0x0000000000432e20                ixgbe_vlan_hw_filter_disable
                0x0000000000432e40                ixgbe_vlan_hw_filter_enable
                0x0000000000432e90                ixgbe_vlan_hw_strip_disable_all
                0x0000000000432f50                ixgbe_vlan_hw_strip_enable_all
 *fill*         0x00000000004333f6        0xa 90909090
 .text          0x0000000000433400     0x1330 /usr/lib/gcc/x86_64-linux-gnu/4.6/../../../../lib/librte_pmd_ixgbe.a(ixgbe_fdir.o)
                0x00000000004338e0                ixgbe_fdir_configure
                0x0000000000433b50                ixgbe_fdir_add_signature_filter
                0x0000000000433c50                ixgbe_fdir_update_signature_filter
                0x0000000000433d50                ixgbe_fdir_remove_signature_filter
                0x0000000000433f70                ixgbe_fdir_set_masks
                0x0000000000434220                ixgbe_fdir_add_perfect_filter
                0x0000000000434330                ixgbe_fdir_update_perfect_filter
                0x0000000000434440                ixgbe_fdir_remove_perfect_filter
                0x0000000000434650                ixgbe_fdir_info_get
 .text          0x0000000000434730      0xc91 /usr/lib/gcc/x86_64-linux-gnu/4.6/../../../../lib/librte_pmd_ixgbe.a(ixgbe_pf.o)
                0x00000000004347d0                ixgbe_pf_host_init
                0x0000000000434b30                ixgbe_pf_host_configure
                0x0000000000434dc0                ixgbe_pf_mbx_process
 *fill*         0x00000000004353c1        0xf 90909090
 .text          0x00000000004353d0     0x6609 /usr/lib/gcc/x86_64-linux-gnu/4.6/../../../../lib/librte_pmd_ixgbe.a(ixgbe_common.o)
                0x00000000004353d0                ixgbe_get_mac_addr_generic
                0x0000000000435410                ixgbe_get_bus_info_generic
                0x0000000000435450                ixgbe_set_lan_id_multi_port_pcie
                0x0000000000435490                ixgbe_led_on_generic
                0x00000000004354c0                ixgbe_led_off_generic
                0x00000000004354f0                ixgbe_calc_eeprom_checksum_generic
                0x0000000000435610                ixgbe_validate_eeprom_checksum_generic
                0x00000000004356a0                ixgbe_update_eeprom_checksum_generic
                0x00000000004356e0                ixgbe_set_rar_generic
                0x00000000004357e0                ixgbe_clear_rar_generic
                0x0000000000435860                ixgbe_disable_mc_generic
                0x0000000000435880                ixgbe_enable_rx_dma_generic
                0x0000000000435950                ixgbe_release_swfw_sync
                0x00000000004359a0                ixgbe_acquire_swfw_sync
                0x0000000000435b70                ixgbe_blink_led_start_generic
                0x0000000000435c90                ixgbe_blink_led_stop_generic
                0x0000000000435db0                ixgbe_start_hw_generic
                0x0000000000436090                ixgbe_clear_hw_cntrs_generic
                0x0000000000436900                ixgbe_init_hw_generic
                0x0000000000436920                ixgbe_init_eeprom_params_generic
                0x00000000004369a0                ixgbe_enable_mc_generic
                0x0000000000436a50                ixgbe_update_uc_addr_list_generic
                0x0000000000436bc0                ixgbe_init_rx_addrs_generic
                0x0000000000436d30                ixgbe_read_eerd_buffer_generic
                0x0000000000436df0                ixgbe_read_eerd_generic
                0x0000000000436e00                ixgbe_stop_adapter_generic
                0x0000000000438be0                ixgbe_read_eeprom_buffer_bit_bang_generic
                0x0000000000438d00                ixgbe_write_eeprom_buffer_bit_bang_generic
                0x0000000000439010                ixgbe_read_eeprom_bit_bang_generic
                0x00000000004390f0                ixgbe_write_eeprom_generic
                0x00000000004391d0                ixgbe_init_ops_generic
                0x00000000004393c0                ixgbe_device_supports_autoneg_fc
                0x00000000004393f0                ixgbe_start_hw_gen2
                0x00000000004394d0                ixgbe_read_pba_string_generic
                0x0000000000439880                ixgbe_read_pba_num_generic
                0x0000000000439900                ixgbe_write_pba_raw
                0x0000000000439a10                ixgbe_get_pba_block_size
                0x0000000000439b00                ixgbe_read_pba_raw
                0x0000000000439c60                ixgbe_write_eewr_buffer_generic
                0x0000000000439d60                ixgbe_write_eewr_generic
                0x0000000000439e10                ixgbe_poll_eerd_eewr_done
                0x0000000000439e80                ixgbe_validate_mac_addr
                0x0000000000439ed0                ixgbe_add_uc_addr
                0x0000000000439f10                ixgbe_set_mta
                0x0000000000439fe0                ixgbe_update_mc_addr_list_generic
                0x000000000043a150                ixgbe_fc_autoneg
                0x000000000043a330                ixgbe_fc_enable_generic
                0x000000000043a8d0                ixgbe_disable_pcie_master
                0x000000000043a940                ixgbe_disable_sec_rx_path_generic
                0x000000000043a990                ixgbe_enable_sec_rx_path_generic
                0x000000000043a9b0                ixgbe_get_san_mac_addr_generic
                0x000000000043aaa0                ixgbe_set_san_mac_addr_generic
                0x000000000043ab70                ixgbe_get_pcie_msix_count_generic
                0x000000000043ab80                ixgbe_insert_mac_addr_generic
                0x000000000043acd0                ixgbe_clear_vmdq_generic
                0x000000000043ad80                ixgbe_set_vmdq_generic
                0x000000000043add0                ixgbe_set_vmdq_san_mac_generic
                0x000000000043ae40                ixgbe_init_uta_tables_generic
                0x000000000043ae70                ixgbe_find_vlvf_slot
                0x000000000043aed0                ixgbe_set_vlvf_generic
                0x000000000043b0b0                ixgbe_set_vfta_generic
                0x000000000043b160                ixgbe_clear_vfta_generic
                0x000000000043b1e0                ixgbe_check_mac_link_generic
                0x000000000043b2d0                ixgbe_get_wwn_prefix_generic
                0x000000000043b380                ixgbe_get_fcoe_boot_status_generic
                0x000000000043b420                ixgbe_set_mac_anti_spoofing
                0x000000000043b4f0                ixgbe_set_vlan_anti_spoofing
                0x000000000043b540                ixgbe_get_device_caps_generic
                0x000000000043b560                ixgbe_enable_relaxed_ordering_gen2
                0x000000000043b620                ixgbe_set_fw_drv_ver_generic
                0x000000000043b7c0                ixgbe_set_rxpba_generic
                0x000000000043b960                ixgbe_clear_tx_pending
 *fill*         0x000000000043b9d9        0x7 90909090
 .text          0x000000000043b9e0     0x347a /usr/lib/gcc/x86_64-linux-gnu/4.6/../../../../lib/librte_pmd_ixgbe.a(ixgbe_82599.o)
                0x000000000043b9e0                ixgbe_get_supported_physical_layer_82599
                0x000000000043bc30                ixgbe_enable_rx_dma_82599
                0x000000000043bc70                ixgbe_write_analog_reg8_82599
                0x000000000043bca0                ixgbe_read_analog_reg8_82599
                0x000000000043bcf0                ixgbe_enable_tx_laser_multispeed_fiber
                0x000000000043bd10                ixgbe_disable_tx_laser_multispeed_fiber
                0x000000000043bd30                ixgbe_identify_phy_82599
                0x000000000043be00                ixgbe_get_link_capabilities_82599
                0x000000000043bfb0                ixgbe_get_media_type_82599
                0x000000000043c070                ixgbe_start_hw_82599
                0x000000000043c140                ixgbe_flap_tx_laser_multispeed_fiber
                0x000000000043c1a0                ixgbe_reinit_fdir_tables_82599
                0x000000000043c450                ixgbe_init_fdir_signature_82599
                0x000000000043c580                ixgbe_init_fdir_perfect_82599
                0x000000000043c6b0                ixgbe_atr_compute_sig_hash_82599
                0x000000000043c780                ixgbe_fdir_add_signature_filter_82599
                0x000000000043c7f0                ixgbe_atr_compute_perfect_hash_82599
                0x000000000043c920                ixgbe_fdir_set_input_mask_82599
                0x000000000043cb50                ixgbe_fdir_write_perfect_filter_82599
                0x000000000043cd20                ixgbe_fdir_erase_perfect_filter_82599
                0x000000000043ce90                ixgbe_fdir_add_perfect_filter_82599
                0x000000000043cf80                ixgbe_verify_lesm_fw_enabled_82599
                0x000000000043d020                ixgbe_init_mac_link_ops_82599
                0x000000000043d0e0                ixgbe_reset_hw_82599
                0x000000000043d600                ixgbe_setup_mac_link_82599
                0x000000000043da10                ixgbe_setup_mac_link_smartspeed
                0x000000000043df10                ixgbe_setup_mac_link_multispeed_fiber
                0x000000000043e290                ixgbe_start_mac_link_82599
                0x000000000043e530                ixgbe_init_ops_82599
                0x000000000043e7f0                ixgbe_setup_sfp_modules_82599
                0x000000000043eb70                ixgbe_init_phy_ops_82599
                0x000000000043ecd0                ixgbe_reset_pipeline_82599
 *fill*         0x000000000043ee5a        0x6 90909090
 .text          0x000000000043ee60     0x22ee /usr/lib/gcc/x86_64-linux-gnu/4.6/../../../../lib/librte_pmd_ixgbe.a(ixgbe_phy.o)
                0x000000000043ee60                ixgbe_setup_phy_link_speed_generic
                0x000000000043eec0                ixgbe_get_phy_firmware_version_generic
                0x000000000043eee0                ixgbe_read_i2c_eeprom_generic
                0x000000000043ef00                ixgbe_write_i2c_eeprom_generic
                0x000000000043ef20                ixgbe_tn_check_overtemp
                0x000000000043ef70                ixgbe_write_phy_reg_generic
                0x000000000043f080                ixgbe_read_phy_reg_generic
                0x000000000043f290                ixgbe_setup_phy_link_generic
                0x000000000043f7a0                ixgbe_i2c_bus_clear
                0x000000000043f9f0                ixgbe_write_i2c_byte_generic
                0x000000000043fb10                ixgbe_read_i2c_byte_generic
                0x000000000043fdc0                ixgbe_identify_phy_generic
                0x000000000043ff80                ixgbe_reset_phy_generic
                0x0000000000440060                ixgbe_init_phy_ops_generic
                0x0000000000440120                ixgbe_validate_phy_addr
                0x0000000000440160                ixgbe_get_phy_id
                0x00000000004401e0                ixgbe_get_phy_type_from_id
                0x0000000000440220                ixgbe_get_copper_link_capabilities_generic
                0x0000000000440280                ixgbe_check_phy_link_tnx
                0x00000000004404d0                ixgbe_setup_phy_link_tnx
                0x00000000004408a0                ixgbe_get_phy_firmware_version_tnx
                0x00000000004408c0                ixgbe_identify_sfp_module_generic
                0x0000000000440d90                ixgbe_identify_module_generic
                0x0000000000440dc0                ixgbe_get_sfp_init_sequence_offsets
                0x0000000000440f70                ixgbe_reset_phy_nl
 *fill*         0x000000000044114e        0x2 90909090
 .text          0x0000000000441150      0xc4a /usr/lib/gcc/x86_64-linux-gnu/4.6/../../../../lib/librte_pmd_ixgbe.a(ixgbe_api.o)
                0x0000000000441150                ixgbe_set_mac_type
                0x0000000000441310                ixgbe_init_shared_code
                0x0000000000441380                ixgbe_init_hw
                0x00000000004413a0                ixgbe_reset_hw
                0x00000000004413c0                ixgbe_start_hw
                0x00000000004413e0                ixgbe_enable_relaxed_ordering
                0x0000000000441400                ixgbe_clear_hw_cntrs
                0x0000000000441420                ixgbe_get_media_type
                0x0000000000441440                ixgbe_get_mac_addr
                0x0000000000441460                ixgbe_get_san_mac_addr
                0x0000000000441480                ixgbe_set_san_mac_addr
                0x00000000004414a0                ixgbe_get_device_caps
                0x00000000004414c0                ixgbe_get_wwn_prefix
                0x00000000004414e0                ixgbe_get_fcoe_boot_status
                0x0000000000441500                ixgbe_get_bus_info
                0x0000000000441520                ixgbe_get_num_of_tx_queues
                0x0000000000441530                ixgbe_get_num_of_rx_queues
                0x0000000000441540                ixgbe_stop_adapter
                0x0000000000441560                ixgbe_read_pba_string
                0x0000000000441570                ixgbe_read_pba_num
                0x0000000000441580                ixgbe_identify_phy
                0x00000000004415c0                ixgbe_reset_phy
                0x0000000000441620                ixgbe_get_phy_firmware_version
                0x0000000000441640                ixgbe_read_phy_reg
                0x00000000004416c0                ixgbe_write_phy_reg
                0x0000000000441750                ixgbe_setup_phy_link
                0x0000000000441770                ixgbe_check_phy_link
                0x0000000000441790                ixgbe_setup_phy_link_speed
                0x00000000004417b0                ixgbe_check_link
                0x00000000004417d0                ixgbe_disable_tx_laser
                0x00000000004417f0                ixgbe_enable_tx_laser
                0x0000000000441810                ixgbe_flap_tx_laser
                0x0000000000441830                ixgbe_setup_link
                0x0000000000441850                ixgbe_get_link_capabilities
                0x0000000000441870                ixgbe_led_on
                0x0000000000441890                ixgbe_led_off
                0x00000000004418b0                ixgbe_blink_led_start
                0x00000000004418d0                ixgbe_blink_led_stop
                0x00000000004418f0                ixgbe_init_eeprom_params
                0x0000000000441910                ixgbe_write_eeprom
                0x0000000000441930                ixgbe_write_eeprom_buffer
                0x0000000000441950                ixgbe_read_eeprom
                0x0000000000441970                ixgbe_read_eeprom_buffer
                0x0000000000441990                ixgbe_validate_eeprom_checksum
                0x00000000004419b0                ixgbe_update_eeprom_checksum
                0x00000000004419d0                ixgbe_insert_mac_addr
                0x00000000004419f0                ixgbe_set_rar
                0x0000000000441a10                ixgbe_clear_rar
                0x0000000000441a30                ixgbe_set_vmdq
                0x0000000000441a50                ixgbe_set_vmdq_san_mac
                0x0000000000441a70                ixgbe_clear_vmdq
                0x0000000000441a90                ixgbe_init_rx_addrs
                0x0000000000441ab0                ixgbe_get_num_rx_addrs
                0x0000000000441ac0                ixgbe_update_uc_addr_list
                0x0000000000441ae0                ixgbe_update_mc_addr_list
                0x0000000000441b00                ixgbe_enable_mc
                0x0000000000441b20                ixgbe_disable_mc
                0x0000000000441b40                ixgbe_clear_vfta
                0x0000000000441b60                ixgbe_set_vfta
                0x0000000000441b80                ixgbe_set_vlvf
                0x0000000000441ba0                ixgbe_fc_enable
                0x0000000000441bc0                ixgbe_set_fw_drv_ver
                0x0000000000441bf0                ixgbe_read_analog_reg8
                0x0000000000441c10                ixgbe_write_analog_reg8
                0x0000000000441c30                ixgbe_init_uta_tables
                0x0000000000441c50                ixgbe_read_i2c_byte
                0x0000000000441c70                ixgbe_write_i2c_byte
                0x0000000000441ca0                ixgbe_write_i2c_eeprom
                0x0000000000441cc0                ixgbe_read_i2c_eeprom
                0x0000000000441ce0                ixgbe_get_supported_physical_layer
                0x0000000000441d00                ixgbe_enable_rx_dma
                0x0000000000441d20                ixgbe_disable_sec_rx_path
                0x0000000000441d40                ixgbe_enable_sec_rx_path
                0x0000000000441d60                ixgbe_acquire_swfw_semaphore
                0x0000000000441d80                ixgbe_release_swfw_semaphore
 *fill*         0x0000000000441d9a        0x6 90909090
 .text          0x0000000000441da0      0x8c2 /usr/lib/gcc/x86_64-linux-gnu/4.6/../../../../lib/librte_pmd_ixgbe.a(ixgbe_vf.o)
                0x0000000000441da0                ixgbe_start_hw_vf
                0x0000000000441db0                ixgbe_init_hw_vf
                0x0000000000441df0                ixgbe_set_vfta_vf
                0x0000000000441e60                ixgbe_get_mac_addr_vf
                0x0000000000441ea0                ixgbe_setup_mac_link_vf
                0x0000000000441eb0                ixgbe_check_mac_link_vf
                0x0000000000441f70                ixgbe_update_mc_addr_list_vf
                0x0000000000442090                ixgbe_stop_adapter_vf
                0x0000000000442130                ixgbe_reset_hw_vf
                0x0000000000442220                ixgbevf_set_uc_addr_vf
                0x00000000004422b0                ixgbe_set_rar_vf
                0x0000000000442370                ixgbe_init_ops_vf
                0x0000000000442450                ixgbe_get_num_of_tx_queues_vf
                0x0000000000442460                ixgbe_get_num_of_rx_queues_vf
                0x0000000000442470                ixgbevf_rlpml_set_vf
                0x00000000004424c0                ixgbevf_negotiate_api_version
                0x0000000000442540                ixgbevf_get_queues
 *fill*         0x0000000000442662        0xe 90909090
 .text          0x0000000000442670     0x2aef /usr/lib/gcc/x86_64-linux-gnu/4.6/../../../../lib/librte_pmd_ixgbe.a(ixgbe_dcb.o)
                0x0000000000442670                ixgbe_dcb_calculate_tc_credits
                0x0000000000442900                ixgbe_dcb_calculate_tc_credits_cee
                0x0000000000443650                ixgbe_dcb_unpack_pfc_cee
                0x0000000000443700                ixgbe_dcb_unpack_refill_cee
                0x0000000000443760                ixgbe_dcb_unpack_max_cee
                0x00000000004437b0                ixgbe_dcb_unpack_bwgid_cee
                0x0000000000443800                ixgbe_dcb_unpack_tsa_cee
                0x0000000000443850                ixgbe_dcb_get_tc_from_up
                0x00000000004438b0                ixgbe_dcb_unpack_map_cee
                0x0000000000443920                ixgbe_dcb_check_config_cee
                0x0000000000444420                ixgbe_dcb_get_tc_stats
                0x0000000000444460                ixgbe_dcb_get_pfc_stats
                0x00000000004444a0                ixgbe_dcb_config_rx_arbiter_cee
                0x00000000004446d0                ixgbe_dcb_config_tx_desc_arbiter_cee
                0x0000000000444890                ixgbe_dcb_config_tx_data_arbiter_cee
                0x0000000000444ac0                ixgbe_dcb_config_pfc_cee
                0x0000000000444c60                ixgbe_dcb_config_tc_stats
                0x0000000000444c90                ixgbe_dcb_hw_config_cee
                0x0000000000445030                ixgbe_dcb_config_pfc
                0x0000000000445070                ixgbe_dcb_hw_config
 *fill*         0x000000000044515f        0x1 90909090
 .text          0x0000000000445160      0xf29 /usr/lib/gcc/x86_64-linux-gnu/4.6/../../../../lib/librte_pmd_ixgbe.a(ixgbe_dcb_82599.o)
                0x0000000000445160                ixgbe_dcb_get_tc_stats_82599
                0x0000000000445220                ixgbe_dcb_get_pfc_stats_82599
                0x0000000000445280                ixgbe_dcb_config_rx_arbiter_82599
                0x00000000004454a0                ixgbe_dcb_config_tx_desc_arbiter_82599
                0x0000000000445720                ixgbe_dcb_config_tx_data_arbiter_82599
                0x0000000000445a10                ixgbe_dcb_config_pfc_82599
                0x0000000000445d30                ixgbe_dcb_config_tc_stats_82599
                0x0000000000445ee0                ixgbe_dcb_config_82599
                0x0000000000445ff0                ixgbe_dcb_hw_config_82599
 *fill*         0x0000000000446089        0x7 90909090
 .text          0x0000000000446090      0xc19 /usr/lib/gcc/x86_64-linux-gnu/4.6/../../../../lib/librte_pmd_ixgbe.a(ixgbe_dcb_82598.o)
                0x0000000000446090                ixgbe_dcb_get_tc_stats_82598
                0x0000000000446110                ixgbe_dcb_get_pfc_stats_82598
                0x0000000000446170                ixgbe_dcb_config_rx_arbiter_82598
                0x00000000004462f0                ixgbe_dcb_config_tx_desc_arbiter_82598
                0x0000000000446590                ixgbe_dcb_config_tx_data_arbiter_82598
                0x0000000000446830                ixgbe_dcb_config_pfc_82598
                0x0000000000446b40                ixgbe_dcb_config_tc_stats_82598
                0x0000000000446c20                ixgbe_dcb_hw_config_82598
 *fill*         0x0000000000446ca9        0x7 90909090
 .text          0x0000000000446cb0      0x8bb /usr/lib/gcc/x86_64-linux-gnu/4.6/../../../../lib/librte_pmd_ixgbe.a(ixgbe_mbx.o)
                0x0000000000446fc0                ixgbe_write_posted_mbx
                0x0000000000447080                ixgbe_read_posted_mbx
                0x0000000000447330                ixgbe_read_mbx
                0x0000000000447360                ixgbe_write_mbx
                0x0000000000447390                ixgbe_check_for_msg
                0x00000000004473b0                ixgbe_check_for_ack
                0x00000000004473d0                ixgbe_check_for_rst
                0x00000000004473f0                ixgbe_init_mbx_ops_generic
                0x0000000000447410                ixgbe_init_mbx_params_vf
                0x00000000004474b0                ixgbe_init_mbx_params_pf
 *fill*         0x000000000044756b        0x5 90909090
 .text          0x0000000000447570     0x8f6c /usr/lib/gcc/x86_64-linux-gnu/4.6/../../../../lib/librte_pmd_ixgbe.a(ixgbe_rxtx.o)
                0x0000000000447800                ixgbe_recv_pkts
                0x0000000000448ad0                ixgbe_recv_pkts_bulk_alloc
                0x0000000000448c60                ixgbe_xmit_pkts
                0x000000000044a0f0                ixgbe_recv_scattered_pkts
                0x000000000044d1f0                ixgbe_xmit_pkts_simple
                0x000000000044d2b0                ixgbe_dev_tx_queue_release
                0x000000000044d2f0                ixgbe_dev_tx_queue_setup
                0x000000000044d810                ixgbe_dev_rx_queue_release
                0x000000000044d840                ixgbe_dev_rx_queue_setup
                0x000000000044db80                ixgbe_dev_rx_queue_count
                0x000000000044dbf0                ixgbe_dev_rx_descriptor_done
                0x000000000044dc30                ixgbe_dev_clear_queues
                0x000000000044dce0                ixgbe_configure_dcb
                0x000000000044e820                ixgbe_dev_rx_init
                0x000000000044f340                ixgbe_dev_tx_init
                0x000000000044f5f0                ixgbe_dev_rxtx_start
                0x000000000044fc60                ixgbevf_dev_rx_init
                0x0000000000450120                ixgbevf_dev_tx_init
                0x0000000000450190                ixgbevf_dev_rxtx_start
 *fill*         0x00000000004504dc        0x4 90909090
 .text          0x00000000004504e0     0x16ff /usr/lib/gcc/x86_64-linux-gnu/4.6/../../../../lib/librte_pmd_ixgbe.a(ixgbe_82598.o)
                0x00000000004505a0                ixgbe_set_vmdq_82598
                0x0000000000450650                ixgbe_set_vfta_82598
                0x0000000000450760                ixgbe_get_supported_physical_layer_82598
                0x0000000000450920                ixgbe_enable_relaxed_ordering_82598
                0x00000000004509a0                ixgbe_set_lan_id_multi_port_pcie_82598
                0x0000000000450a20                ixgbe_read_i2c_eeprom_82598
                0x0000000000450b00                ixgbe_write_analog_reg8_82598
                0x0000000000450b30                ixgbe_read_analog_reg8_82598
                0x0000000000451080                ixgbe_fc_enable_82598
                0x0000000000451580                ixgbe_start_hw_82598
                0x0000000000451900                ixgbe_init_phy_ops_82598
                0x0000000000451a60                ixgbe_set_pcie_completion_timeout
                0x0000000000451a90                ixgbe_init_ops_82598
 *fill*         0x0000000000451bdf        0x1 90909090
 .text          0x0000000000451be0      0xe70 /usr/lib/gcc/x86_64-linux-gnu/4.6/../../../../lib/librte_pmd_ixgbe.a(ixgbe_x540.o)
                0x0000000000451be0                ixgbe_get_media_type_X540
                0x0000000000451bf0                ixgbe_setup_mac_link_X540
                0x0000000000451c00                ixgbe_get_supported_physical_layer_X540
                0x0000000000451c50                ixgbe_blink_led_start_X540
                0x0000000000451cc0                ixgbe_blink_led_stop_X540
                0x0000000000451d10                ixgbe_write_eewr_X540
                0x0000000000451d90                ixgbe_validate_eeprom_checksum_X540
                0x0000000000451e50                ixgbe_calc_eeprom_checksum_X540
                0x0000000000451f90                ixgbe_read_eerd_X540
                0x0000000000452010                ixgbe_write_eewr_buffer_X540
                0x00000000004520a0                ixgbe_read_eerd_buffer_X540
                0x0000000000452130                ixgbe_start_hw_X540
                0x0000000000452150                ixgbe_reset_hw_X540
                0x0000000000452340                ixgbe_init_eeprom_params_X540
                0x0000000000452390                ixgbe_acquire_swfw_sync_X540
                0x0000000000452590                ixgbe_release_swfw_sync_X540
                0x0000000000452670                ixgbe_update_eeprom_checksum_X540
                0x00000000004527e0                ixgbe_init_ops_X540
                0x0000000000452a40                ixgbe_get_link_capabilities_X540
 .text          0x0000000000452a50     0x1a95 /usr/lib/gcc/x86_64-linux-gnu/4.6/../../../../lib/librte_pmd_virtio.a(virtio_ethdev.o)
                0x0000000000454070                virtio_dev_queue_setup
                0x00000000004544d0                rte_virtio_pmd_init
 *fill*         0x00000000004544e5        0xb 90909090
 .text          0x00000000004544f0       0x78 /usr/lib/gcc/x86_64-linux-gnu/4.6/../../../../lib/librte_pmd_virtio.a(virtqueue.o)
                0x00000000004544f0                virtqueue_disable_intr
                0x0000000000454500                virtqueue_detatch_unused
 *fill*         0x0000000000454568        0x8 90909090
 .text          0x0000000000454570      0x143 /usr/lib/gcc/x86_64-linux-gnu/4.6/../../../../lib/librte_pmd_virtio.a(virtio_pci.o)
                0x0000000000454570                vtpci_read_dev_config
                0x00000000004545e0                vtpci_write_dev_config
                0x0000000000454660                vtpci_negotiate_features
                0x0000000000454670                vtpci_reset
                0x0000000000454680                vtpci_reinit_complete
                0x0000000000454690                vtpci_get_status
                0x00000000004546a0                vtpci_set_status
 *fill*         0x00000000004546b3        0xd 90909090
 .text          0x00000000004546c0     0x2c04 /usr/lib/gcc/x86_64-linux-gnu/4.6/../../../../lib/librte_pmd_virtio.a(virtio_rxtx.o)
                0x0000000000455340                virtio_dev_rxtx_start
                0x0000000000455390                virtio_dev_rx_queue_setup
                0x0000000000455400                virtio_dev_tx_queue_setup
                0x0000000000455450                virtio_recv_pkts
                0x0000000000456870                virtio_xmit_pkts
 *fill*         0x00000000004572c4        0xc 90909090
 .text          0x00000000004572d0      0x30b /usr/lib/gcc/x86_64-linux-gnu/4.6/../../../../lib/librte_mbuf.a(rte_mbuf.o)
                0x00000000004572d0                rte_ctrlmbuf_init
                0x0000000000457330                rte_pktmbuf_pool_init
                0x0000000000457350                rte_pktmbuf_init
                0x00000000004573e0                rte_mbuf_sanity_check
                0x0000000000457510                rte_pktmbuf_dump
 *fill*         0x00000000004575db        0x5 90909090
 .text          0x00000000004575e0     0x293b /usr/lib/gcc/x86_64-linux-gnu/4.6/../../../../lib/libethdev.a(rte_ethdev.o)
                0x0000000000457820                rte_eth_dev_allocate
                0x0000000000457a40                rte_eth_driver_register
                0x0000000000457a50                rte_eth_dev_socket_id
                0x0000000000457a80                rte_eth_dev_count
                0x0000000000457a90                rte_eth_dev_configure
                0x0000000000457ef0                rte_eth_dev_start
                0x0000000000458160                rte_eth_dev_stop
                0x00000000004581b0                rte_eth_dev_close
                0x0000000000458200                rte_eth_rx_queue_setup
                0x0000000000458320                rte_eth_tx_queue_setup
                0x0000000000458420                rte_eth_promiscuous_enable
                0x0000000000458460                rte_eth_promiscuous_disable
                0x00000000004584b0                rte_eth_promiscuous_get
                0x00000000004584e0                rte_eth_allmulticast_enable
                0x0000000000458520                rte_eth_allmulticast_disable
                0x0000000000458570                rte_eth_allmulticast_get
                0x00000000004585a0                rte_eth_link_get
                0x0000000000458630                rte_eth_link_get_nowait
                0x00000000004586c0                rte_eth_stats_get
                0x00000000004587f0                rte_eth_stats_reset
                0x0000000000458830                rte_eth_dev_set_tx_queue_stats_mapping
                0x0000000000458880                rte_eth_dev_set_rx_queue_stats_mapping
                0x00000000004588d0                rte_eth_dev_info_get
                0x0000000000458940                rte_eth_macaddr_get
                0x0000000000458970                rte_eth_dev_vlan_filter
                0x00000000004589d0                rte_eth_dev_set_vlan_strip_on_queue
                0x0000000000458a30                rte_eth_dev_set_vlan_ether_type
                0x0000000000458a80                rte_eth_dev_set_vlan_offload
                0x0000000000458bb0                rte_eth_dev_get_vlan_offload
                0x0000000000458c00                rte_eth_dev_fdir_add_signature_filter
                0x0000000000458c90                rte_eth_dev_fdir_update_signature_filter
                0x0000000000458d20                rte_eth_dev_fdir_remove_signature_filter
                0x0000000000458db0                rte_eth_dev_fdir_get_infos
                0x0000000000458e10                rte_eth_dev_fdir_add_perfect_filter
                0x0000000000458ec0                rte_eth_dev_fdir_update_perfect_filter
                0x0000000000458f70                rte_eth_dev_fdir_remove_perfect_filter
                0x0000000000459010                rte_eth_dev_fdir_set_masks
                0x0000000000459080                rte_eth_dev_flow_ctrl_set
                0x00000000004590e0                rte_eth_dev_priority_flow_ctrl_set
                0x0000000000459140                rte_eth_dev_rss_reta_update
                0x00000000004591f0                rte_eth_dev_rss_reta_query
                0x0000000000459250                rte_eth_led_on
                0x00000000004592a0                rte_eth_led_off
                0x00000000004592f0                rte_eth_dev_mac_addr_add
                0x0000000000459530                rte_eth_dev_mac_addr_remove
                0x0000000000459650                rte_eth_dev_set_vf_rxmode
                0x0000000000459720                rte_eth_dev_uc_hash_table_set
                0x0000000000459980                rte_eth_dev_uc_all_hash_table_set
                0x00000000004599d0                rte_eth_dev_set_vf_rx
                0x0000000000459a80                rte_eth_dev_set_vf_tx
                0x0000000000459b30                rte_eth_dev_set_vf_vlan_filter
                0x0000000000459ba0                rte_eth_mirror_rule_set
                0x0000000000459c30                rte_eth_mirror_rule_reset
                0x0000000000459c90                rte_eth_dev_callback_register
                0x0000000000459d70                rte_eth_dev_callback_unregister
                0x0000000000459e60                _rte_eth_dev_callback_process
 *fill*         0x0000000000459f1b        0x5 90909090
 .text          0x0000000000459f20     0x11c3 /usr/lib/gcc/x86_64-linux-gnu/4.6/../../../../lib/librte_malloc.a(rte_malloc.o)
                0x0000000000459f20                rte_free
                0x0000000000459f70                rte_malloc_socket
                0x000000000045a040                rte_malloc
                0x000000000045a0f0                rte_zmalloc_socket
                0x000000000045a1d0                rte_zmalloc
                0x000000000045a280                rte_calloc_socket
                0x000000000045a360                rte_calloc
                0x000000000045a420                rte_realloc
                0x000000000045aa40                rte_malloc_validate
                0x000000000045aa90                rte_malloc_get_socket_stats
                0x000000000045ab00                rte_malloc_dump_stats
                0x000000000045b0e0                rte_malloc_set_limit
 *fill*         0x000000000045b0e3        0xd 90909090
 .text          0x000000000045b0f0      0x3cf /usr/lib/gcc/x86_64-linux-gnu/4.6/../../../../lib/librte_malloc.a(malloc_elem.o)
                0x000000000045b0f0                malloc_elem_init
                0x000000000045b120                malloc_elem_mkend
                0x000000000045b160                malloc_elem_can_hold
                0x000000000045b190                malloc_elem_alloc
                0x000000000045b250                malloc_elem_free
                0x000000000045b360                malloc_elem_resize
 *fill*         0x000000000045b4bf        0x1 90909090
 .text          0x000000000045b4c0      0x573 /usr/lib/gcc/x86_64-linux-gnu/4.6/../../../../lib/librte_malloc.a(malloc_heap.o)
                0x000000000045b5f0                malloc_heap_alloc
                0x000000000045b9b0                malloc_heap_get_stats
 *fill*         0x000000000045ba33        0xd 90909090
 .text          0x000000000045ba40      0xa68 /usr/lib/gcc/x86_64-linux-gnu/4.6/../../../../lib/librte_mempool.a(rte_mempool.o)
                0x000000000045bb70                rte_mempool_create
                0x000000000045c0c0                rte_mempool_count
                0x000000000045c110                rte_mempool_audit
                0x000000000045c180                rte_mempool_dump
                0x000000000045c370                rte_mempool_list_dump
                0x000000000045c3f0                rte_mempool_lookup
 *fill*         0x000000000045c4a8        0x8 90909090
 .text          0x000000000045c4b0      0x668 /usr/lib/gcc/x86_64-linux-gnu/4.6/../../../../lib/librte_ring.a(rte_ring.o)
                0x000000000045c5e0                rte_ring_create
                0x000000000045c8b0                rte_ring_set_water_mark
                0x000000000045c8d0                rte_ring_dump
                0x000000000045c9e0                rte_ring_list_dump
                0x000000000045ca60                rte_ring_lookup
 *fill*         0x000000000045cb18        0x8 90909090
 .text          0x000000000045cb20     0x1da7 /usr/lib/gcc/x86_64-linux-gnu/4.6/../../../../lib/librte_eal.a(eal.o)
                0x000000000045cd70                rte_eal_get_configuration
                0x000000000045cd80                eal_parse_sysfs_value
                0x000000000045cf20                rte_set_application_usage_hook
                0x000000000045cf30                rte_eal_init
                0x000000000045e8b0                rte_eal_lcore_role
                0x000000000045e8c0                rte_eal_process_type
 *fill*         0x000000000045e8c7        0x9 90909090
 .text          0x000000000045e8d0      0xd0e /usr/lib/gcc/x86_64-linux-gnu/4.6/../../../../lib/librte_eal.a(eal_hugepage_info.o)
                0x000000000045efb0                eal_hugepage_info_init
 *fill*         0x000000000045f5de        0x2 90909090
 .text          0x000000000045f5e0     0x214b /usr/lib/gcc/x86_64-linux-gnu/4.6/../../../../lib/librte_eal.a(eal_memory.o)
                0x00000000004600c0                rte_eal_memory_init
 *fill*         0x000000000046172b        0x5 90909090
 .text          0x0000000000461730      0x3de /usr/lib/gcc/x86_64-linux-gnu/4.6/../../../../lib/librte_eal.a(eal_thread.o)
                0x0000000000461810                rte_eal_remote_launch
                0x00000000004618f0                eal_thread_init_master
                0x0000000000461920                eal_thread_loop
 *fill*         0x0000000000461b0e        0x2 90909090
 .text          0x0000000000461b10      0x1b7 /usr/lib/gcc/x86_64-linux-gnu/4.6/../../../../lib/librte_eal.a(eal_log.o)
                0x0000000000461c30                rte_eal_log_init
 *fill*         0x0000000000461cc7        0x9 90909090
 .text          0x0000000000461cd0     0x1d3d /usr/lib/gcc/x86_64-linux-gnu/4.6/../../../../lib/librte_eal.a(eal_pci.o)
                0x00000000004637b0                rte_eal_pci_probe_one_driver
                0x0000000000463980                rte_eal_pci_init
 *fill*         0x0000000000463a0d        0x3 90909090
 .text          0x0000000000463a10      0x179 /usr/lib/gcc/x86_64-linux-gnu/4.6/../../../../lib/librte_eal.a(eal_debug.o)
                0x0000000000463a10                rte_dump_stack
                0x0000000000463aa0                rte_dump_registers
                0x0000000000463ab0                rte_exit
 *fill*         0x0000000000463b89        0x7 90909090
 .text          0x0000000000463b90      0x575 /usr/lib/gcc/x86_64-linux-gnu/4.6/../../../../lib/librte_eal.a(eal_lcore.o)
                0x0000000000463fc0                rte_eal_cpu_init
 *fill*         0x0000000000464105        0xb 90909090
 .text          0x0000000000464110      0x3a9 /usr/lib/gcc/x86_64-linux-gnu/4.6/../../../../lib/librte_eal.a(eal_timer.o)
                0x0000000000464110                rte_delay_us
                0x0000000000464210                rte_get_tsc_hz
                0x0000000000464220                rte_eal_timer_init
 *fill*         0x00000000004644b9        0x7 90909090
 .text          0x00000000004644c0      0xa83 /usr/lib/gcc/x86_64-linux-gnu/4.6/../../../../lib/librte_eal.a(eal_interrupts.o)
                0x0000000000464900                rte_intr_callback_register
                0x0000000000464b40                rte_intr_callback_unregister
                0x0000000000464d30                rte_intr_enable
                0x0000000000464e00                rte_intr_disable
                0x0000000000464ed0                rte_eal_intr_init
 *fill*         0x0000000000464f43        0xd 90909090
 .text          0x0000000000464f50      0x596 /usr/lib/gcc/x86_64-linux-gnu/4.6/../../../../lib/librte_eal.a(eal_alarm.o)
                0x00000000004650a0                rte_eal_alarm_init
                0x00000000004650f0                rte_eal_alarm_set
                0x0000000000465300                rte_eal_alarm_cancel
 *fill*         0x00000000004654e6        0xa 90909090
 .text          0x00000000004654f0      0xd7a /usr/lib/gcc/x86_64-linux-gnu/4.6/../../../../lib/librte_eal.a(eal_common_memzone.o)
                0x0000000000465d60                rte_memzone_reserve
                0x0000000000465e20                rte_memzone_reserve_aligned
                0x0000000000465f30                rte_memzone_lookup
                0x0000000000466000                rte_memzone_dump
                0x00000000004660c0                rte_eal_memzone_init
 *fill*         0x000000000046626a        0x6 90909090
 .text          0x0000000000466270      0xde0 /usr/lib/gcc/x86_64-linux-gnu/4.6/../../../../lib/librte_eal.a(eal_common_log.o)
                0x00000000004662e0                rte_log_add_in_history
                0x0000000000466880                rte_log_set_history
                0x0000000000466890                rte_openlog_stream
                0x00000000004668b0                rte_set_log_level
                0x00000000004668c0                rte_set_log_type
                0x00000000004668f0                rte_log_cur_msg_loglevel
                0x0000000000466910                rte_log_cur_msg_logtype
                0x0000000000466930                rte_log_dump_history
                0x0000000000466e90                rte_vlog
                0x0000000000466ef0                rte_eal_log_early_init
                0x0000000000466f60                rte_eal_common_log_init
 .text          0x0000000000467050      0x29e /usr/lib/gcc/x86_64-linux-gnu/4.6/../../../../lib/librte_eal.a(eal_common_launch.o)
                0x0000000000467050                rte_eal_wait_lcore
                0x00000000004670a0                rte_eal_mp_remote_launch
                0x0000000000467230                rte_eal_get_lcore_state
                0x0000000000467240                rte_eal_mp_wait_lcore
 *fill*         0x00000000004672ee        0x2 90909090
 .text          0x00000000004672f0      0x4be /usr/lib/gcc/x86_64-linux-gnu/4.6/../../../../lib/librte_eal.a(eal_common_pci.o)
                0x0000000000467500                rte_eal_pci_probe
                0x0000000000467620                rte_eal_pci_dump
                0x0000000000467750                rte_eal_pci_register
                0x0000000000467770                rte_eal_pci_unregister
                0x00000000004677a0                rte_eal_pci_set_blacklist
 *fill*         0x00000000004677ae        0x2 90909090
 .text          0x00000000004677b0      0x118 /usr/lib/gcc/x86_64-linux-gnu/4.6/../../../../lib/librte_eal.a(eal_common_memory.o)
                0x00000000004677b0                rte_eal_get_physmem_layout
                0x00000000004677d0                rte_eal_get_physmem_size
                0x0000000000467810                rte_dump_physmem_layout
                0x0000000000467890                rte_memory_get_nchannel
                0x00000000004678b0                rte_memory_get_nrank
 *fill*         0x00000000004678c8        0x8 90909090
 .text          0x00000000004678d0      0x2d0 /usr/lib/gcc/x86_64-linux-gnu/4.6/../../../../lib/librte_eal.a(eal_common_tailqs.o)
                0x00000000004678d0                rte_eal_tailq_lookup
                0x0000000000467950                rte_eal_tailq_lookup_by_idx
                0x00000000004679c0                rte_eal_tailq_reserve
                0x0000000000467a40                rte_eal_tailq_reserve_by_idx
                0x0000000000467ab0                rte_dump_tailq
                0x0000000000467b40                rte_eal_tailqs_init
 .text          0x0000000000467ba0      0x1b3 /usr/lib/gcc/x86_64-linux-gnu/4.6/../../../../lib/librte_eal.a(eal_common_errno.o)
                0x0000000000467cd0                rte_strerror
 *fill*         0x0000000000467d53        0xd 90909090
 .text          0x0000000000467d60      0x41b /usr/lib/gcc/x86_64-linux-gnu/4.6/../../../../lib/librte_eal.a(eal_common_hexdump.o)
                0x0000000000467e90                rte_hexdump
                0x0000000000468050                rte_memdump
 *fill*         0x000000000046817b        0x5 90909090
 .text          0x0000000000468180      0x8ed /usr/lib/gcc/x86_64-linux-gnu/4.6/../../../../lib/librte_eal.a(eal_common_whitelist.o)
                0x00000000004682b0                eal_dev_whitelist_add_entry
                0x0000000000468320                eal_dev_whitelist_exists
                0x0000000000468330                eal_dev_whitelist_parse
                0x00000000004689b0                eal_dev_is_whitelisted
                0x0000000000468a50                eal_dev_whitelist_clear
 *fill*         0x0000000000468a6d        0x3 90909090
 .text          0x0000000000468a70      0x1cb /usr/lib/gcc/x86_64-linux-gnu/4.6/../../../../lib/librte_eal.a(eal_common_nonpci_devs.o)
                0x0000000000468ba0                rte_eal_non_pci_ethdev_init
 *fill*         0x0000000000468c3b        0x5 90909090
 .text          0x0000000000468c40     0x2814 /usr/lib/gcc/x86_64-linux-gnu/4.6/../../../../lib/librte_pmd_ring.a(rte_eth_ring.o)
                0x000000000046ad10                rte_eth_from_rings
                0x000000000046af60                rte_eth_ring_pair_create
                0x000000000046af70                rte_eth_ring_pair_attach
                0x000000000046af80                rte_pmd_ring_init
 *fill*         0x000000000046b454        0xc 90909090
 .text          0x000000000046b460       0x92 /usr/lib/x86_64-linux-gnu/libc_nonshared.a(elf-init.oS)
                0x000000000046b460                __libc_csu_init
                0x000000000046b4f0                __libc_csu_fini
 *fill*         0x000000000046b4f2        0xe 90909090
 .text          0x000000000046b500       0x36 /usr/lib/gcc/x86_64-linux-gnu/4.6/crtend.o
 *fill*         0x000000000046b536        0x2 90909090
 .text          0x000000000046b538        0x0 /usr/lib/gcc/x86_64-linux-gnu/4.6/../../../x86_64-linux-gnu/crtn.o
 *(.gnu.warning)

.fini           0x000000000046b538        0xe
 *(.fini)
 .fini          0x000000000046b538        0x4 /usr/lib/gcc/x86_64-linux-gnu/4.6/../../../x86_64-linux-gnu/crti.o
                0x000000000046b538                _fini
 .fini          0x000000000046b53c        0x5 /usr/lib/gcc/x86_64-linux-gnu/4.6/crtbegin.o
 .fini          0x000000000046b541        0x5 /usr/lib/gcc/x86_64-linux-gnu/4.6/../../../x86_64-linux-gnu/crtn.o
                0x000000000046b546                PROVIDE (__etext, .)
                0x000000000046b546                PROVIDE (_etext, .)
                0x000000000046b546                PROVIDE (etext, .)

.rodata         0x000000000046b560     0x51b0
 *(.rodata .rodata.* .gnu.linkonce.r.*)
 .rodata.cst4   0x000000000046b560        0x4 /usr/lib/gcc/x86_64-linux-gnu/4.6/../../../x86_64-linux-gnu/crt1.o
                0x000000000046b560                _IO_stdin_used
 .rodata.str1.1
                0x000000000046b564      0x170 main.o
                                        0x172 (size before relaxing)
 *fill*         0x000000000046b6d4        0x4 00
 .rodata.str1.8
                0x000000000046b6d8      0x148 main.o
 .rodata        0x000000000046b820      0x464 main.o
 *fill*         0x000000000046bc84        0x4 00
 .rodata.str1.8
                0x000000000046bc88      0x118 common.o
 .rodata.str1.1